Running Step 1 (Process Data Unprompted)...
DEBUG: Step 1 Script Starting...
DEBUG: Imported numpy
DEBUG: Imported pandas
DEBUG: Imported sklearn
DEBUG: Imported annomi_common
DEBUG: Imported torch
=== Step 1: Process Data & Extract Embeddings (Unprompted Split) ===
Loading AnnoMI datasets from local CSVs...
Loaded Train: 15336 rows
Loaded Test: 1980 rows
Processed Train: 7576 pairs.
Processed Test: 973 pairs.
Loading Model google/gemma-3-27b-it...
Loading model google/gemma-3-27b-it (Type: gemma)...
Model loaded successfully.

--- Processing Train Set ---
Embedding Context (7576)...
Extracting embeddings for 7576 texts using google/gemma-3-27b-it (max_len=8192)...
Embedding Context+Quality (7576)...
Extracting embeddings for 7576 texts using google/gemma-3-27b-it (max_len=8192)...

--- Processing Test Set ---
Embedding Context (973)...
Extracting embeddings for 973 texts using google/gemma-3-27b-it (max_len=8192)...
Embedding Context+Quality (973)...
Extracting embeddings for 973 texts using google/gemma-3-27b-it (max_len=8192)...

--- Reducing Dimensions (PCA -> 64) ---
Saved embeddings to annoMI/data/gemma/embeddings.npz
