Running Step 1 (Process Data Prompted)...
DEBUG: Step 1 Prompted Script Starting...
DEBUG: Imported numpy
DEBUG: Imported pandas
DEBUG: Imported sklearn
DEBUG: Imported annomi_common
DEBUG: Imported torch
=== Step 1: Process Data & Extract Embeddings (Prompted Split) ===
Loading AnnoMI datasets from local CSVs...
Loaded Train: 15336 rows
Loaded Test: 1980 rows
Processed Train: 7576 pairs.
Processed Test: 973 pairs.
Loading Model google/gemma-3-27b-it...
Loading model google/gemma-3-27b-it (Type: gemma)...
Model loaded successfully.

--- Processing Train Set ---
Embedding Context Prompted (7576)...
Extracting embeddings for 7576 texts using google/gemma-3-27b-it (max_len=8192)...
Embedding Context+Quality Prompted (7576)...
Extracting embeddings for 7576 texts using google/gemma-3-27b-it (max_len=8192)...
Embedding Context+Few-Shot (7576)...
Extracting embeddings for 7576 texts using google/gemma-3-27b-it (max_len=8192)...

--- Processing Test Set ---
Embedding Context Prompted (973)...
Extracting embeddings for 973 texts using google/gemma-3-27b-it (max_len=8192)...
Embedding Context+Quality Prompted (973)...
Extracting embeddings for 973 texts using google/gemma-3-27b-it (max_len=8192)...
Embedding Context+Few-Shot (973)...
Extracting embeddings for 973 texts using google/gemma-3-27b-it (max_len=8192)...

--- Reducing Dimensions (PCA -> 64) ---
Saved prompted embeddings to annoMI/data/gemma/embeddings_prompted.npz
